// Jest Snapshot v1, https://goo.gl/fbAQLP

exports[`NavBar should match snapshot 1`] = `
ShallowWrapper {
  Symbol(enzyme.__root__): [Circular],
  Symbol(enzyme.__unrendered__): <Navbar
    boxData={
      Object {
        "branding": "avm",
        "model": "FRITZ!Box 6590 Cable",
        "restarts": "024",
        "technology": "Kabel",
      }
    }
    currentIndex={1}
    handleNavigation={[MockFunction]}
    isUpdating={false}
  />,
  Symbol(enzyme.__renderer__): Object {
    "batchedUpdates": [Function],
    "checkPropTypes": [Function],
    "getNode": [Function],
    "render": [Function],
    "simulateError": [Function],
    "simulateEvent": [Function],
    "unmount": [Function],
  },
  Symbol(enzyme.__node__): Object {
    "instance": null,
    "key": undefined,
    "nodeType": "function",
    "props": Object {
      "children": <CSSTransitionGroup
        component={Symbol(react.fragment)}
        transitionAppear={true}
        transitionAppearTimeout={500}
        transitionEnter={false}
        transitionEnterTimeout={0}
        transitionLeave={true}
        transitionLeaveTimeout={500}
        transitionName="slide-vertically"
      >
        <ForwardRef
          reservedSpaceTop={5}
        >
          <ForwardRef
            height={5}
            offset={0}
            width="auto"
          />
          <ForwardRef>
            <NavBarEntry
              activeElementRef={null}
              entry="branding"
              handleNavigation={[MockFunction]}
              index={0}
              isActive={false}
            />
            <NavBarEntry
              activeElementRef={
                Object {
                  "current": null,
                }
              }
              entry="model"
              handleNavigation={[MockFunction]}
              index={1}
              isActive={true}
            />
            <NavBarEntry
              activeElementRef={null}
              entry="restarts"
              handleNavigation={[MockFunction]}
              index={2}
              isActive={false}
            />
            <NavBarEntry
              activeElementRef={null}
              entry="technology"
              handleNavigation={[MockFunction]}
              index={3}
              isActive={false}
            />
          </ForwardRef>
        </ForwardRef>
      </CSSTransitionGroup>,
    },
    "ref": null,
    "rendered": Object {
      "instance": null,
      "key": undefined,
      "nodeType": "class",
      "props": Object {
        "children": <ForwardRef
          reservedSpaceTop={5}
        >
          <ForwardRef
            height={5}
            offset={0}
            width="auto"
          />
          <ForwardRef>
            <NavBarEntry
              activeElementRef={null}
              entry="branding"
              handleNavigation={[MockFunction]}
              index={0}
              isActive={false}
            />
            <NavBarEntry
              activeElementRef={
                Object {
                  "current": null,
                }
              }
              entry="model"
              handleNavigation={[MockFunction]}
              index={1}
              isActive={true}
            />
            <NavBarEntry
              activeElementRef={null}
              entry="restarts"
              handleNavigation={[MockFunction]}
              index={2}
              isActive={false}
            />
            <NavBarEntry
              activeElementRef={null}
              entry="technology"
              handleNavigation={[MockFunction]}
              index={3}
              isActive={false}
            />
          </ForwardRef>
        </ForwardRef>,
        "component": Symbol(react.fragment),
        "transitionAppear": true,
        "transitionAppearTimeout": 500,
        "transitionEnter": false,
        "transitionEnterTimeout": 0,
        "transitionLeave": true,
        "transitionLeaveTimeout": 500,
        "transitionName": "slide-vertically",
      },
      "ref": null,
      "rendered": Object {
        "instance": null,
        "key": undefined,
        "nodeType": "function",
        "props": Object {
          "children": Array [
            <ForwardRef
              height={5}
              offset={0}
              width="auto"
            />,
            <ForwardRef>
              <NavBarEntry
                activeElementRef={null}
                entry="branding"
                handleNavigation={[MockFunction]}
                index={0}
                isActive={false}
              />
              <NavBarEntry
                activeElementRef={
                  Object {
                    "current": null,
                  }
                }
                entry="model"
                handleNavigation={[MockFunction]}
                index={1}
                isActive={true}
              />
              <NavBarEntry
                activeElementRef={null}
                entry="restarts"
                handleNavigation={[MockFunction]}
                index={2}
                isActive={false}
              />
              <NavBarEntry
                activeElementRef={null}
                entry="technology"
                handleNavigation={[MockFunction]}
                index={3}
                isActive={false}
              />
            </ForwardRef>,
          ],
          "reservedSpaceTop": 5,
        },
        "ref": null,
        "rendered": Array [
          Object {
            "instance": null,
            "key": undefined,
            "nodeType": "function",
            "props": Object {
              "height": 5,
              "offset": 0,
              "width": "auto",
            },
            "ref": null,
            "rendered": null,
            "type": Object {
              "$$typeof": Symbol(react.forward_ref),
              "attrs": Array [],
              "componentStyle": ComponentStyle {
                "componentId": "Indicator-sc-13xfpz1-2",
                "isStatic": false,
                "rules": Array [
                  "position:absolute;top:0;left:0;width:",
                  [Function],
                  ";height:",
                  [Function],
                  "px;transform:translateX(",
                  [Function],
                  "px);transition:transform 500ms,width 500ms;background:white;",
                ],
              },
              "displayName": "Indicator",
              "foldedComponentIds": Array [],
              "render": [Function],
              "styledComponentId": "Indicator-sc-13xfpz1-2",
              "target": "div",
              "toString": [Function],
              "warnTooManyClasses": [Function],
              "withComponent": [Function],
            },
          },
          Object {
            "instance": null,
            "key": undefined,
            "nodeType": "function",
            "props": Object {
              "children": Array [
                <NavBarEntry
                  activeElementRef={null}
                  entry="branding"
                  handleNavigation={[MockFunction]}
                  index={0}
                  isActive={false}
                />,
                <NavBarEntry
                  activeElementRef={
                    Object {
                      "current": null,
                    }
                  }
                  entry="model"
                  handleNavigation={[MockFunction]}
                  index={1}
                  isActive={true}
                />,
                <NavBarEntry
                  activeElementRef={null}
                  entry="restarts"
                  handleNavigation={[MockFunction]}
                  index={2}
                  isActive={false}
                />,
                <NavBarEntry
                  activeElementRef={null}
                  entry="technology"
                  handleNavigation={[MockFunction]}
                  index={3}
                  isActive={false}
                />,
              ],
            },
            "ref": null,
            "rendered": Array [
              Object {
                "instance": null,
                "key": "0",
                "nodeType": "class",
                "props": Object {
                  "activeElementRef": null,
                  "entry": "branding",
                  "handleNavigation": [MockFunction],
                  "index": 0,
                  "isActive": false,
                },
                "ref": null,
                "rendered": null,
                "type": [Function],
              },
              Object {
                "instance": null,
                "key": "1",
                "nodeType": "class",
                "props": Object {
                  "activeElementRef": Object {
                    "current": null,
                  },
                  "entry": "model",
                  "handleNavigation": [MockFunction],
                  "index": 1,
                  "isActive": true,
                },
                "ref": null,
                "rendered": null,
                "type": [Function],
              },
              Object {
                "instance": null,
                "key": "2",
                "nodeType": "class",
                "props": Object {
                  "activeElementRef": null,
                  "entry": "restarts",
                  "handleNavigation": [MockFunction],
                  "index": 2,
                  "isActive": false,
                },
                "ref": null,
                "rendered": null,
                "type": [Function],
              },
              Object {
                "instance": null,
                "key": "3",
                "nodeType": "class",
                "props": Object {
                  "activeElementRef": null,
                  "entry": "technology",
                  "handleNavigation": [MockFunction],
                  "index": 3,
                  "isActive": false,
                },
                "ref": null,
                "rendered": null,
                "type": [Function],
              },
            ],
            "type": Object {
              "$$typeof": Symbol(react.forward_ref),
              "attrs": Array [],
              "componentStyle": ComponentStyle {
                "componentId": "NavBarList-sc-13xfpz1-3",
                "isStatic": true,
                "rules": Array [
                  "display:flex;margin:0;padding:0;justify-content:space-between;flex-wrap:wrap;list-style:none;background:red;",
                ],
              },
              "displayName": "NavBarList",
              "foldedComponentIds": Array [],
              "render": [Function],
              "styledComponentId": "NavBarList-sc-13xfpz1-3",
              "target": "ul",
              "toString": [Function],
              "warnTooManyClasses": [Function],
              "withComponent": [Function],
            },
          },
        ],
        "type": Object {
          "$$typeof": Symbol(react.forward_ref),
          "attrs": Array [],
          "componentStyle": ComponentStyle {
            "componentId": "NavBarWrapper-sc-13xfpz1-1",
            "isStatic": false,
            "rules": Array [
              "position:relative;display:block;padding-top:",
              [Function],
              "px;",
            ],
          },
          "displayName": "NavBarWrapper",
          "foldedComponentIds": Array [],
          "render": [Function],
          "styledComponentId": "NavBarWrapper-sc-13xfpz1-1",
          "target": "footer",
          "toString": [Function],
          "warnTooManyClasses": [Function],
          "withComponent": [Function],
        },
      },
      "type": [Function],
    },
    "type": Object {
      "$$typeof": Symbol(react.forward_ref),
      "attrs": Array [],
      "componentStyle": ComponentStyle {
        "componentId": "SlideYTransition-sc-13xfpz1-0",
        "isStatic": true,
        "rules": Array [
          "position:absolute;left:0;right:0;bottom:0;> .slide-vertically-appear{transform:translateY(100%);&.slide-vertically-appear-active{transform:translateY(0);transition:transform 500ms ease-out;}}> .slide-vertically-leave{transform:translateY(0);&.slide-vertically-leave-active{transform:translateY(100%);transition:transform 500ms ease-in;}}",
        ],
      },
      "displayName": "SlideYTransition",
      "foldedComponentIds": Array [],
      "render": [Function],
      "styledComponentId": "SlideYTransition-sc-13xfpz1-0",
      "target": "div",
      "toString": [Function],
      "warnTooManyClasses": [Function],
      "withComponent": [Function],
    },
  },
  Symbol(enzyme.__nodes__): Array [
    Object {
      "instance": null,
      "key": undefined,
      "nodeType": "function",
      "props": Object {
        "children": <CSSTransitionGroup
          component={Symbol(react.fragment)}
          transitionAppear={true}
          transitionAppearTimeout={500}
          transitionEnter={false}
          transitionEnterTimeout={0}
          transitionLeave={true}
          transitionLeaveTimeout={500}
          transitionName="slide-vertically"
        >
          <ForwardRef
            reservedSpaceTop={5}
          >
            <ForwardRef
              height={5}
              offset={0}
              width="auto"
            />
            <ForwardRef>
              <NavBarEntry
                activeElementRef={null}
                entry="branding"
                handleNavigation={[MockFunction]}
                index={0}
                isActive={false}
              />
              <NavBarEntry
                activeElementRef={
                  Object {
                    "current": null,
                  }
                }
                entry="model"
                handleNavigation={[MockFunction]}
                index={1}
                isActive={true}
              />
              <NavBarEntry
                activeElementRef={null}
                entry="restarts"
                handleNavigation={[MockFunction]}
                index={2}
                isActive={false}
              />
              <NavBarEntry
                activeElementRef={null}
                entry="technology"
                handleNavigation={[MockFunction]}
                index={3}
                isActive={false}
              />
            </ForwardRef>
          </ForwardRef>
        </CSSTransitionGroup>,
      },
      "ref": null,
      "rendered": Object {
        "instance": null,
        "key": undefined,
        "nodeType": "class",
        "props": Object {
          "children": <ForwardRef
            reservedSpaceTop={5}
          >
            <ForwardRef
              height={5}
              offset={0}
              width="auto"
            />
            <ForwardRef>
              <NavBarEntry
                activeElementRef={null}
                entry="branding"
                handleNavigation={[MockFunction]}
                index={0}
                isActive={false}
              />
              <NavBarEntry
                activeElementRef={
                  Object {
                    "current": null,
                  }
                }
                entry="model"
                handleNavigation={[MockFunction]}
                index={1}
                isActive={true}
              />
              <NavBarEntry
                activeElementRef={null}
                entry="restarts"
                handleNavigation={[MockFunction]}
                index={2}
                isActive={false}
              />
              <NavBarEntry
                activeElementRef={null}
                entry="technology"
                handleNavigation={[MockFunction]}
                index={3}
                isActive={false}
              />
            </ForwardRef>
          </ForwardRef>,
          "component": Symbol(react.fragment),
          "transitionAppear": true,
          "transitionAppearTimeout": 500,
          "transitionEnter": false,
          "transitionEnterTimeout": 0,
          "transitionLeave": true,
          "transitionLeaveTimeout": 500,
          "transitionName": "slide-vertically",
        },
        "ref": null,
        "rendered": Object {
          "instance": null,
          "key": undefined,
          "nodeType": "function",
          "props": Object {
            "children": Array [
              <ForwardRef
                height={5}
                offset={0}
                width="auto"
              />,
              <ForwardRef>
                <NavBarEntry
                  activeElementRef={null}
                  entry="branding"
                  handleNavigation={[MockFunction]}
                  index={0}
                  isActive={false}
                />
                <NavBarEntry
                  activeElementRef={
                    Object {
                      "current": null,
                    }
                  }
                  entry="model"
                  handleNavigation={[MockFunction]}
                  index={1}
                  isActive={true}
                />
                <NavBarEntry
                  activeElementRef={null}
                  entry="restarts"
                  handleNavigation={[MockFunction]}
                  index={2}
                  isActive={false}
                />
                <NavBarEntry
                  activeElementRef={null}
                  entry="technology"
                  handleNavigation={[MockFunction]}
                  index={3}
                  isActive={false}
                />
              </ForwardRef>,
            ],
            "reservedSpaceTop": 5,
          },
          "ref": null,
          "rendered": Array [
            Object {
              "instance": null,
              "key": undefined,
              "nodeType": "function",
              "props": Object {
                "height": 5,
                "offset": 0,
                "width": "auto",
              },
              "ref": null,
              "rendered": null,
              "type": Object {
                "$$typeof": Symbol(react.forward_ref),
                "attrs": Array [],
                "componentStyle": ComponentStyle {
                  "componentId": "Indicator-sc-13xfpz1-2",
                  "isStatic": false,
                  "rules": Array [
                    "position:absolute;top:0;left:0;width:",
                    [Function],
                    ";height:",
                    [Function],
                    "px;transform:translateX(",
                    [Function],
                    "px);transition:transform 500ms,width 500ms;background:white;",
                  ],
                },
                "displayName": "Indicator",
                "foldedComponentIds": Array [],
                "render": [Function],
                "styledComponentId": "Indicator-sc-13xfpz1-2",
                "target": "div",
                "toString": [Function],
                "warnTooManyClasses": [Function],
                "withComponent": [Function],
              },
            },
            Object {
              "instance": null,
              "key": undefined,
              "nodeType": "function",
              "props": Object {
                "children": Array [
                  <NavBarEntry
                    activeElementRef={null}
                    entry="branding"
                    handleNavigation={[MockFunction]}
                    index={0}
                    isActive={false}
                  />,
                  <NavBarEntry
                    activeElementRef={
                      Object {
                        "current": null,
                      }
                    }
                    entry="model"
                    handleNavigation={[MockFunction]}
                    index={1}
                    isActive={true}
                  />,
                  <NavBarEntry
                    activeElementRef={null}
                    entry="restarts"
                    handleNavigation={[MockFunction]}
                    index={2}
                    isActive={false}
                  />,
                  <NavBarEntry
                    activeElementRef={null}
                    entry="technology"
                    handleNavigation={[MockFunction]}
                    index={3}
                    isActive={false}
                  />,
                ],
              },
              "ref": null,
              "rendered": Array [
                Object {
                  "instance": null,
                  "key": "0",
                  "nodeType": "class",
                  "props": Object {
                    "activeElementRef": null,
                    "entry": "branding",
                    "handleNavigation": [MockFunction],
                    "index": 0,
                    "isActive": false,
                  },
                  "ref": null,
                  "rendered": null,
                  "type": [Function],
                },
                Object {
                  "instance": null,
                  "key": "1",
                  "nodeType": "class",
                  "props": Object {
                    "activeElementRef": Object {
                      "current": null,
                    },
                    "entry": "model",
                    "handleNavigation": [MockFunction],
                    "index": 1,
                    "isActive": true,
                  },
                  "ref": null,
                  "rendered": null,
                  "type": [Function],
                },
                Object {
                  "instance": null,
                  "key": "2",
                  "nodeType": "class",
                  "props": Object {
                    "activeElementRef": null,
                    "entry": "restarts",
                    "handleNavigation": [MockFunction],
                    "index": 2,
                    "isActive": false,
                  },
                  "ref": null,
                  "rendered": null,
                  "type": [Function],
                },
                Object {
                  "instance": null,
                  "key": "3",
                  "nodeType": "class",
                  "props": Object {
                    "activeElementRef": null,
                    "entry": "technology",
                    "handleNavigation": [MockFunction],
                    "index": 3,
                    "isActive": false,
                  },
                  "ref": null,
                  "rendered": null,
                  "type": [Function],
                },
              ],
              "type": Object {
                "$$typeof": Symbol(react.forward_ref),
                "attrs": Array [],
                "componentStyle": ComponentStyle {
                  "componentId": "NavBarList-sc-13xfpz1-3",
                  "isStatic": true,
                  "rules": Array [
                    "display:flex;margin:0;padding:0;justify-content:space-between;flex-wrap:wrap;list-style:none;background:red;",
                  ],
                },
                "displayName": "NavBarList",
                "foldedComponentIds": Array [],
                "render": [Function],
                "styledComponentId": "NavBarList-sc-13xfpz1-3",
                "target": "ul",
                "toString": [Function],
                "warnTooManyClasses": [Function],
                "withComponent": [Function],
              },
            },
          ],
          "type": Object {
            "$$typeof": Symbol(react.forward_ref),
            "attrs": Array [],
            "componentStyle": ComponentStyle {
              "componentId": "NavBarWrapper-sc-13xfpz1-1",
              "isStatic": false,
              "rules": Array [
                "position:relative;display:block;padding-top:",
                [Function],
                "px;",
              ],
            },
            "displayName": "NavBarWrapper",
            "foldedComponentIds": Array [],
            "render": [Function],
            "styledComponentId": "NavBarWrapper-sc-13xfpz1-1",
            "target": "footer",
            "toString": [Function],
            "warnTooManyClasses": [Function],
            "withComponent": [Function],
          },
        },
        "type": [Function],
      },
      "type": Object {
        "$$typeof": Symbol(react.forward_ref),
        "attrs": Array [],
        "componentStyle": ComponentStyle {
          "componentId": "SlideYTransition-sc-13xfpz1-0",
          "isStatic": true,
          "rules": Array [
            "position:absolute;left:0;right:0;bottom:0;> .slide-vertically-appear{transform:translateY(100%);&.slide-vertically-appear-active{transform:translateY(0);transition:transform 500ms ease-out;}}> .slide-vertically-leave{transform:translateY(0);&.slide-vertically-leave-active{transform:translateY(100%);transition:transform 500ms ease-in;}}",
          ],
        },
        "displayName": "SlideYTransition",
        "foldedComponentIds": Array [],
        "render": [Function],
        "styledComponentId": "SlideYTransition-sc-13xfpz1-0",
        "target": "div",
        "toString": [Function],
        "warnTooManyClasses": [Function],
        "withComponent": [Function],
      },
    },
  ],
  Symbol(enzyme.__options__): Object {
    "adapter": ReactSixteenAdapter {
      "options": Object {
        "enableComponentDidUpdateOnSetState": true,
        "legacyContextMode": "parent",
        "lifecycles": Object {
          "componentDidUpdate": Object {
            "onSetState": true,
          },
          "getChildContext": Object {
            "calledByRenderer": false,
          },
          "getDerivedStateFromProps": true,
          "getSnapshotBeforeUpdate": true,
          "setState": Object {
            "skipsComponentDidUpdateOnNullish": true,
          },
        },
      },
    },
  },
}
`;
