// Jest Snapshot v1, https://goo.gl/fbAQLP

exports[`NavBarEntry should match snapshot 1`] = `
ShallowWrapper {
  Symbol(enzyme.__root__): [Circular],
  Symbol(enzyme.__unrendered__): <NavBarEntry
    entry="model"
    handleNavigation={[MockFunction]}
    index={5}
    isActive={false}
  />,
  Symbol(enzyme.__renderer__): Object {
    "batchedUpdates": [Function],
    "checkPropTypes": [Function],
    "getNode": [Function],
    "render": [Function],
    "simulateError": [Function],
    "simulateEvent": [Function],
    "unmount": [Function],
  },
  Symbol(enzyme.__node__): Object {
    "instance": null,
    "key": undefined,
    "nodeType": "function",
    "props": Object {
      "children": <ForwardRef>
        Model
      </ForwardRef>,
      "isActive": false,
      "onClick": [Function],
    },
    "ref": Object {
      "current": null,
    },
    "rendered": Object {
      "instance": null,
      "key": undefined,
      "nodeType": "function",
      "props": Object {
        "children": "Model",
      },
      "ref": null,
      "rendered": "Model",
      "type": Object {
        "$$typeof": Symbol(react.forward_ref),
        "attrs": Array [],
        "componentStyle": ComponentStyle {
          "componentId": "NavBarButton-sc-1jim1v6-2",
          "isStatic": true,
          "rules": Array [
            "padding:1rem;appearance:none;background:none;outline:none;",
            "display:block;width:100%;border:0;font-size:1rem;",
          ],
        },
        "displayName": "NavBarButton",
        "foldedComponentIds": Array [
          "defaultButton-sc-1jim1v6-1",
        ],
        "render": [Function],
        "styledComponentId": "NavBarButton-sc-1jim1v6-2",
        "target": "button",
        "toString": [Function],
        "warnTooManyClasses": [Function],
        "withComponent": [Function],
      },
    },
    "type": Object {
      "$$typeof": Symbol(react.forward_ref),
      "attrs": Array [],
      "componentStyle": ComponentStyle {
        "componentId": "NavBarEntryWrapper-sc-1jim1v6-0",
        "isStatic": false,
        "rules": Array [
          "flex-grow:1;flex-shrink:0;flex-basis:0;background:",
          [Function],
          ";",
        ],
      },
      "displayName": "NavBarEntryWrapper",
      "foldedComponentIds": Array [],
      "render": [Function],
      "styledComponentId": "NavBarEntryWrapper-sc-1jim1v6-0",
      "target": "li",
      "toString": [Function],
      "warnTooManyClasses": [Function],
      "withComponent": [Function],
    },
  },
  Symbol(enzyme.__nodes__): Array [
    Object {
      "instance": null,
      "key": undefined,
      "nodeType": "function",
      "props": Object {
        "children": <ForwardRef>
          Model
        </ForwardRef>,
        "isActive": false,
        "onClick": [Function],
      },
      "ref": Object {
        "current": null,
      },
      "rendered": Object {
        "instance": null,
        "key": undefined,
        "nodeType": "function",
        "props": Object {
          "children": "Model",
        },
        "ref": null,
        "rendered": "Model",
        "type": Object {
          "$$typeof": Symbol(react.forward_ref),
          "attrs": Array [],
          "componentStyle": ComponentStyle {
            "componentId": "NavBarButton-sc-1jim1v6-2",
            "isStatic": true,
            "rules": Array [
              "padding:1rem;appearance:none;background:none;outline:none;",
              "display:block;width:100%;border:0;font-size:1rem;",
            ],
          },
          "displayName": "NavBarButton",
          "foldedComponentIds": Array [
            "defaultButton-sc-1jim1v6-1",
          ],
          "render": [Function],
          "styledComponentId": "NavBarButton-sc-1jim1v6-2",
          "target": "button",
          "toString": [Function],
          "warnTooManyClasses": [Function],
          "withComponent": [Function],
        },
      },
      "type": Object {
        "$$typeof": Symbol(react.forward_ref),
        "attrs": Array [],
        "componentStyle": ComponentStyle {
          "componentId": "NavBarEntryWrapper-sc-1jim1v6-0",
          "isStatic": false,
          "rules": Array [
            "flex-grow:1;flex-shrink:0;flex-basis:0;background:",
            [Function],
            ";",
          ],
        },
        "displayName": "NavBarEntryWrapper",
        "foldedComponentIds": Array [],
        "render": [Function],
        "styledComponentId": "NavBarEntryWrapper-sc-1jim1v6-0",
        "target": "li",
        "toString": [Function],
        "warnTooManyClasses": [Function],
        "withComponent": [Function],
      },
    },
  ],
  Symbol(enzyme.__options__): Object {
    "adapter": ReactSixteenAdapter {
      "options": Object {
        "enableComponentDidUpdateOnSetState": true,
        "legacyContextMode": "parent",
        "lifecycles": Object {
          "componentDidUpdate": Object {
            "onSetState": true,
          },
          "getChildContext": Object {
            "calledByRenderer": false,
          },
          "getDerivedStateFromProps": true,
          "getSnapshotBeforeUpdate": true,
          "setState": Object {
            "skipsComponentDidUpdateOnNullish": true,
          },
        },
      },
    },
  },
}
`;
