// Jest Snapshot v1, https://goo.gl/fbAQLP

exports[`Slide should match snapshot 1`] = `
ShallowWrapper {
  Symbol(enzyme.__root__): [Circular],
  Symbol(enzyme.__unrendered__): <TextComponent
    text="123456"
    title="title"
  />,
  Symbol(enzyme.__renderer__): Object {
    "batchedUpdates": [Function],
    "checkPropTypes": [Function],
    "getNode": [Function],
    "render": [Function],
    "simulateError": [Function],
    "simulateEvent": [Function],
    "unmount": [Function],
  },
  Symbol(enzyme.__node__): Object {
    "instance": null,
    "key": undefined,
    "nodeType": "function",
    "props": Object {
      "children": Array [
        <ForwardRef>
          Title
        </ForwardRef>,
        <ForwardRef
          characterCount={6}
        >
          <span
            className="character"
          >
            1
          </span>
          <span
            className="character"
          >
            2
          </span>
          <span
            className="character"
          >
            3
          </span>
          <span
            className="character"
          >
            4
          </span>
          <span
            className="character"
          >
            5
          </span>
          <span
            className="character"
          >
            6
          </span>
        </ForwardRef>,
      ],
    },
    "ref": null,
    "rendered": Array [
      Object {
        "instance": null,
        "key": undefined,
        "nodeType": "function",
        "props": Object {
          "children": "Title",
        },
        "ref": null,
        "rendered": "Title",
        "type": Object {
          "$$typeof": Symbol(react.forward_ref),
          "attrs": Array [],
          "componentStyle": ComponentStyle {
            "componentId": "TitleWrapper-sc-1qe5c9r-1",
            "isStatic": true,
            "rules": Array [
              "margin-top:0;margin-bottom:2vh;color:white;font-size:5vw;",
            ],
          },
          "displayName": "TitleWrapper",
          "foldedComponentIds": Array [],
          "render": [Function],
          "styledComponentId": "TitleWrapper-sc-1qe5c9r-1",
          "target": "h1",
          "toString": [Function],
          "warnTooManyClasses": [Function],
          "withComponent": [Function],
        },
      },
      Object {
        "instance": null,
        "key": undefined,
        "nodeType": "function",
        "props": Object {
          "characterCount": 6,
          "children": Array [
            <span
              className="character"
            >
              1
            </span>,
            <span
              className="character"
            >
              2
            </span>,
            <span
              className="character"
            >
              3
            </span>,
            <span
              className="character"
            >
              4
            </span>,
            <span
              className="character"
            >
              5
            </span>,
            <span
              className="character"
            >
              6
            </span>,
          ],
        },
        "ref": null,
        "rendered": Array [
          Object {
            "instance": null,
            "key": "0",
            "nodeType": "host",
            "props": Object {
              "children": "1",
              "className": "character",
            },
            "ref": null,
            "rendered": "1",
            "type": "span",
          },
          Object {
            "instance": null,
            "key": "1",
            "nodeType": "host",
            "props": Object {
              "children": "2",
              "className": "character",
            },
            "ref": null,
            "rendered": "2",
            "type": "span",
          },
          Object {
            "instance": null,
            "key": "2",
            "nodeType": "host",
            "props": Object {
              "children": "3",
              "className": "character",
            },
            "ref": null,
            "rendered": "3",
            "type": "span",
          },
          Object {
            "instance": null,
            "key": "3",
            "nodeType": "host",
            "props": Object {
              "children": "4",
              "className": "character",
            },
            "ref": null,
            "rendered": "4",
            "type": "span",
          },
          Object {
            "instance": null,
            "key": "4",
            "nodeType": "host",
            "props": Object {
              "children": "5",
              "className": "character",
            },
            "ref": null,
            "rendered": "5",
            "type": "span",
          },
          Object {
            "instance": null,
            "key": "5",
            "nodeType": "host",
            "props": Object {
              "children": "6",
              "className": "character",
            },
            "ref": null,
            "rendered": "6",
            "type": "span",
          },
        ],
        "type": Object {
          "$$typeof": Symbol(react.forward_ref),
          "attrs": Array [],
          "componentStyle": ComponentStyle {
            "componentId": "TextWrapper-sc-1qe5c9r-2",
            "isStatic": false,
            "rules": Array [
              "margin:0;color:white;font-size:",
              [Function],
              "vw;line-height:1;",
            ],
          },
          "displayName": "TextWrapper",
          "foldedComponentIds": Array [],
          "render": [Function],
          "styledComponentId": "TextWrapper-sc-1qe5c9r-2",
          "target": "h2",
          "toString": [Function],
          "warnTooManyClasses": [Function],
          "withComponent": [Function],
        },
      },
    ],
    "type": Object {
      "$$typeof": Symbol(react.forward_ref),
      "attrs": Array [],
      "componentStyle": ComponentStyle {
        "componentId": "Wrapper-sc-1qe5c9r-0",
        "isStatic": true,
        "rules": Array [
          "user-select:none;text-align:center;will-change:transform;",
        ],
      },
      "displayName": "Wrapper",
      "foldedComponentIds": Array [],
      "render": [Function],
      "styledComponentId": "Wrapper-sc-1qe5c9r-0",
      "target": "div",
      "toString": [Function],
      "warnTooManyClasses": [Function],
      "withComponent": [Function],
    },
  },
  Symbol(enzyme.__nodes__): Array [
    Object {
      "instance": null,
      "key": undefined,
      "nodeType": "function",
      "props": Object {
        "children": Array [
          <ForwardRef>
            Title
          </ForwardRef>,
          <ForwardRef
            characterCount={6}
          >
            <span
              className="character"
            >
              1
            </span>
            <span
              className="character"
            >
              2
            </span>
            <span
              className="character"
            >
              3
            </span>
            <span
              className="character"
            >
              4
            </span>
            <span
              className="character"
            >
              5
            </span>
            <span
              className="character"
            >
              6
            </span>
          </ForwardRef>,
        ],
      },
      "ref": null,
      "rendered": Array [
        Object {
          "instance": null,
          "key": undefined,
          "nodeType": "function",
          "props": Object {
            "children": "Title",
          },
          "ref": null,
          "rendered": "Title",
          "type": Object {
            "$$typeof": Symbol(react.forward_ref),
            "attrs": Array [],
            "componentStyle": ComponentStyle {
              "componentId": "TitleWrapper-sc-1qe5c9r-1",
              "isStatic": true,
              "rules": Array [
                "margin-top:0;margin-bottom:2vh;color:white;font-size:5vw;",
              ],
            },
            "displayName": "TitleWrapper",
            "foldedComponentIds": Array [],
            "render": [Function],
            "styledComponentId": "TitleWrapper-sc-1qe5c9r-1",
            "target": "h1",
            "toString": [Function],
            "warnTooManyClasses": [Function],
            "withComponent": [Function],
          },
        },
        Object {
          "instance": null,
          "key": undefined,
          "nodeType": "function",
          "props": Object {
            "characterCount": 6,
            "children": Array [
              <span
                className="character"
              >
                1
              </span>,
              <span
                className="character"
              >
                2
              </span>,
              <span
                className="character"
              >
                3
              </span>,
              <span
                className="character"
              >
                4
              </span>,
              <span
                className="character"
              >
                5
              </span>,
              <span
                className="character"
              >
                6
              </span>,
            ],
          },
          "ref": null,
          "rendered": Array [
            Object {
              "instance": null,
              "key": "0",
              "nodeType": "host",
              "props": Object {
                "children": "1",
                "className": "character",
              },
              "ref": null,
              "rendered": "1",
              "type": "span",
            },
            Object {
              "instance": null,
              "key": "1",
              "nodeType": "host",
              "props": Object {
                "children": "2",
                "className": "character",
              },
              "ref": null,
              "rendered": "2",
              "type": "span",
            },
            Object {
              "instance": null,
              "key": "2",
              "nodeType": "host",
              "props": Object {
                "children": "3",
                "className": "character",
              },
              "ref": null,
              "rendered": "3",
              "type": "span",
            },
            Object {
              "instance": null,
              "key": "3",
              "nodeType": "host",
              "props": Object {
                "children": "4",
                "className": "character",
              },
              "ref": null,
              "rendered": "4",
              "type": "span",
            },
            Object {
              "instance": null,
              "key": "4",
              "nodeType": "host",
              "props": Object {
                "children": "5",
                "className": "character",
              },
              "ref": null,
              "rendered": "5",
              "type": "span",
            },
            Object {
              "instance": null,
              "key": "5",
              "nodeType": "host",
              "props": Object {
                "children": "6",
                "className": "character",
              },
              "ref": null,
              "rendered": "6",
              "type": "span",
            },
          ],
          "type": Object {
            "$$typeof": Symbol(react.forward_ref),
            "attrs": Array [],
            "componentStyle": ComponentStyle {
              "componentId": "TextWrapper-sc-1qe5c9r-2",
              "isStatic": false,
              "rules": Array [
                "margin:0;color:white;font-size:",
                [Function],
                "vw;line-height:1;",
              ],
            },
            "displayName": "TextWrapper",
            "foldedComponentIds": Array [],
            "render": [Function],
            "styledComponentId": "TextWrapper-sc-1qe5c9r-2",
            "target": "h2",
            "toString": [Function],
            "warnTooManyClasses": [Function],
            "withComponent": [Function],
          },
        },
      ],
      "type": Object {
        "$$typeof": Symbol(react.forward_ref),
        "attrs": Array [],
        "componentStyle": ComponentStyle {
          "componentId": "Wrapper-sc-1qe5c9r-0",
          "isStatic": true,
          "rules": Array [
            "user-select:none;text-align:center;will-change:transform;",
          ],
        },
        "displayName": "Wrapper",
        "foldedComponentIds": Array [],
        "render": [Function],
        "styledComponentId": "Wrapper-sc-1qe5c9r-0",
        "target": "div",
        "toString": [Function],
        "warnTooManyClasses": [Function],
        "withComponent": [Function],
      },
    },
  ],
  Symbol(enzyme.__options__): Object {
    "adapter": ReactSixteenAdapter {
      "options": Object {
        "enableComponentDidUpdateOnSetState": true,
        "legacyContextMode": "parent",
        "lifecycles": Object {
          "componentDidUpdate": Object {
            "onSetState": true,
          },
          "getChildContext": Object {
            "calledByRenderer": false,
          },
          "getDerivedStateFromProps": true,
          "getSnapshotBeforeUpdate": true,
          "setState": Object {
            "skipsComponentDidUpdateOnNullish": true,
          },
        },
      },
    },
  },
}
`;
