// Jest Snapshot v1, https://goo.gl/fbAQLP

exports[`BoxEntryComponent should match snapshot 1`] = `
ShallowWrapper {
  Symbol(enzyme.__root__): [Circular],
  Symbol(enzyme.__unrendered__): <BoxEntryComponent
    entry="model"
    value="test"
  />,
  Symbol(enzyme.__renderer__): Object {
    "batchedUpdates": [Function],
    "checkPropTypes": [Function],
    "getNode": [Function],
    "render": [Function],
    "simulateError": [Function],
    "simulateEvent": [Function],
    "unmount": [Function],
  },
  Symbol(enzyme.__node__): Object {
    "instance": null,
    "key": undefined,
    "nodeType": "function",
    "props": Object {
      "children": Array [
        <ForwardRef>
          Model
        </ForwardRef>,
        <ForwardRef>
          test
        </ForwardRef>,
      ],
    },
    "ref": null,
    "rendered": Array [
      Object {
        "instance": null,
        "key": undefined,
        "nodeType": "function",
        "props": Object {
          "children": "Model",
        },
        "ref": null,
        "rendered": "Model",
        "type": Object {
          "$$typeof": Symbol(react.forward_ref),
          "attrs": Array [],
          "componentStyle": ComponentStyle {
            "componentId": "BoxEntryTitle-sc-16sq9z3-1",
            "isStatic": true,
            "rules": Array [
              "margin-top:0;margin-bottom:0;font-weight:bold;",
            ],
          },
          "displayName": "BoxEntryTitle",
          "foldedComponentIds": Array [],
          "render": [Function],
          "styledComponentId": "BoxEntryTitle-sc-16sq9z3-1",
          "target": "dt",
          "toString": [Function],
          "warnTooManyClasses": [Function],
          "withComponent": [Function],
        },
      },
      Object {
        "instance": null,
        "key": undefined,
        "nodeType": "function",
        "props": Object {
          "children": "test",
        },
        "ref": null,
        "rendered": "test",
        "type": Object {
          "$$typeof": Symbol(react.forward_ref),
          "attrs": Array [],
          "componentStyle": ComponentStyle {
            "componentId": "BoxEntryValue-sc-16sq9z3-2",
            "isStatic": true,
            "rules": Array [
              "margin:0;",
            ],
          },
          "displayName": "BoxEntryValue",
          "foldedComponentIds": Array [],
          "render": [Function],
          "styledComponentId": "BoxEntryValue-sc-16sq9z3-2",
          "target": "dd",
          "toString": [Function],
          "warnTooManyClasses": [Function],
          "withComponent": [Function],
        },
      },
    ],
    "type": Object {
      "$$typeof": Symbol(react.forward_ref),
      "attrs": Array [],
      "componentStyle": ComponentStyle {
        "componentId": "BoxEntryWrapper-sc-16sq9z3-0",
        "isStatic": true,
        "rules": Array [
          "display:block;margin:1rem;",
        ],
      },
      "displayName": "BoxEntryWrapper",
      "foldedComponentIds": Array [],
      "render": [Function],
      "styledComponentId": "BoxEntryWrapper-sc-16sq9z3-0",
      "target": "dl",
      "toString": [Function],
      "warnTooManyClasses": [Function],
      "withComponent": [Function],
    },
  },
  Symbol(enzyme.__nodes__): Array [
    Object {
      "instance": null,
      "key": undefined,
      "nodeType": "function",
      "props": Object {
        "children": Array [
          <ForwardRef>
            Model
          </ForwardRef>,
          <ForwardRef>
            test
          </ForwardRef>,
        ],
      },
      "ref": null,
      "rendered": Array [
        Object {
          "instance": null,
          "key": undefined,
          "nodeType": "function",
          "props": Object {
            "children": "Model",
          },
          "ref": null,
          "rendered": "Model",
          "type": Object {
            "$$typeof": Symbol(react.forward_ref),
            "attrs": Array [],
            "componentStyle": ComponentStyle {
              "componentId": "BoxEntryTitle-sc-16sq9z3-1",
              "isStatic": true,
              "rules": Array [
                "margin-top:0;margin-bottom:0;font-weight:bold;",
              ],
            },
            "displayName": "BoxEntryTitle",
            "foldedComponentIds": Array [],
            "render": [Function],
            "styledComponentId": "BoxEntryTitle-sc-16sq9z3-1",
            "target": "dt",
            "toString": [Function],
            "warnTooManyClasses": [Function],
            "withComponent": [Function],
          },
        },
        Object {
          "instance": null,
          "key": undefined,
          "nodeType": "function",
          "props": Object {
            "children": "test",
          },
          "ref": null,
          "rendered": "test",
          "type": Object {
            "$$typeof": Symbol(react.forward_ref),
            "attrs": Array [],
            "componentStyle": ComponentStyle {
              "componentId": "BoxEntryValue-sc-16sq9z3-2",
              "isStatic": true,
              "rules": Array [
                "margin:0;",
              ],
            },
            "displayName": "BoxEntryValue",
            "foldedComponentIds": Array [],
            "render": [Function],
            "styledComponentId": "BoxEntryValue-sc-16sq9z3-2",
            "target": "dd",
            "toString": [Function],
            "warnTooManyClasses": [Function],
            "withComponent": [Function],
          },
        },
      ],
      "type": Object {
        "$$typeof": Symbol(react.forward_ref),
        "attrs": Array [],
        "componentStyle": ComponentStyle {
          "componentId": "BoxEntryWrapper-sc-16sq9z3-0",
          "isStatic": true,
          "rules": Array [
            "display:block;margin:1rem;",
          ],
        },
        "displayName": "BoxEntryWrapper",
        "foldedComponentIds": Array [],
        "render": [Function],
        "styledComponentId": "BoxEntryWrapper-sc-16sq9z3-0",
        "target": "dl",
        "toString": [Function],
        "warnTooManyClasses": [Function],
        "withComponent": [Function],
      },
    },
  ],
  Symbol(enzyme.__options__): Object {
    "adapter": ReactSixteenAdapter {
      "options": Object {
        "enableComponentDidUpdateOnSetState": true,
        "legacyContextMode": "parent",
        "lifecycles": Object {
          "componentDidUpdate": Object {
            "onSetState": true,
          },
          "getChildContext": Object {
            "calledByRenderer": false,
          },
          "getDerivedStateFromProps": true,
          "getSnapshotBeforeUpdate": true,
          "setState": Object {
            "skipsComponentDidUpdateOnNullish": true,
          },
        },
      },
    },
  },
}
`;
