// Jest Snapshot v1, https://goo.gl/fbAQLP

exports[`AppContainer should match snapshot 1`] = `
<App
  boxData={Object {}}
  currentIndex={0}
  handleClickEvent={[Function]}
  handleNavigation={[Function]}
  isUpdating={false}
  isValid={false}
/>
`;
